src/__tests__/LabObjectives.focal.spec.tsx(2,27): error TS2307: Cannot find module '../components/LabObjectives' or its corresponding type declarations.
src/components/simulator/SimulatorEngine.tsx(94,19): error TS6133: 'noiseOpacity' is declared but its value is never read.
src/context/LanguageContext.tsx(68,16): error TS7053: Element implicitly has an 'any' type because expression of type 'string' can't be used to index type '{ 'nav.tutorials': string; 'nav.workshops': string; 'tutorials.title': string; 'tutorials.subtitle': string; 'common.loading': string; 'common.error': string; 'filter.category': string; 'filter.level': string; 'level.BEGINNER': string; 'level.INTERMEDIATE': string; 'level.ADVANCED': string; } | { ...; } | { ...; }'.
  No index signature with a parameter of type 'string' was found on type '{ 'nav.tutorials': string; 'nav.workshops': string; 'tutorials.title': string; 'tutorials.subtitle': string; 'common.loading': string; 'common.error': string; 'filter.category': string; 'filter.level': string; 'level.BEGINNER': string; 'level.INTERMEDIATE': string; 'level.ADVANCED': string; } | { ...; } | { ...; }'.
src/lib/simulator/ExposureEngine.ts(29,15): error TS6133: 'ev100' is declared but its value is never read.
