src/pages/ProductionPage.tsx(3,34): error TS6133: 'Play' is declared but its value is never read.
