src/portfolio-items/portfolio-items.service.ts(16,17): error TS2559: Type 'string' has no properties in common with type 'CategoryCreateNestedOneWithoutPortfolioItemsInput'.
src/portfolio-items/portfolio-items.service.ts(24,24): error TS2353: Object literal may only specify known properties, and 'cat' does not exist in type 'PortfolioItemInclude<DefaultArgs>'.
src/portfolio-items/portfolio-items.service.ts(32,24): error TS2353: Object literal may only specify known properties, and 'cat' does not exist in type 'PortfolioItemInclude<DefaultArgs>'.
src/portfolio-items/portfolio-items.service.ts(43,13): error TS2322: Type 'UpdatePortfolioItemDto' is not assignable to type '(Without<PortfolioItemUpdateInput, PortfolioItemUncheckedUpdateInput> & PortfolioItemUncheckedUpdateInput) | (Without<...> & PortfolioItemUpdateInput)'.
  Type 'UpdatePortfolioItemDto' is not assignable to type 'Without<PortfolioItemUncheckedUpdateInput, PortfolioItemUpdateInput> & PortfolioItemUpdateInput'.
    Type 'UpdatePortfolioItemDto' is not assignable to type 'Without<PortfolioItemUncheckedUpdateInput, PortfolioItemUpdateInput>'.
      Types of property 'categoryId' are incompatible.
        Type 'string' is not assignable to type 'never'.
src/quotes/quotes.controller.ts(42,35): error TS2339: Property 'convertToOrder' does not exist on type 'QuotesService'.
src/users/users.service.ts(36,15): error TS2353: Object literal may only specify known properties, and 'tutorialProgress' does not exist in type 'UserCountOutputTypeSelect<DefaultArgs>'.
src/users/users.service.ts(82,9): error TS2353: Object literal may only specify known properties, and 'tutorialProgress' does not exist in type 'UserSelect<DefaultArgs>'.
