--- TEST: Validation du parcours R├®servation (Admin) ---
node : Erreur lors du 
test: PrismaClientValid
ationError: 
Au caractère Ligne:1 : 
1
+ node 
test-admin-booking.js 
> test_output.txt 2>&1 
; Get-Content test_ ...
+ ~~~~~~~~~~~~~~~~~~~~~
~~~~~~~~~~~~~~~~~~~~~~~
~~~~~
    + CategoryInfo     
         : NotSpecifi  
  ed: (Erreur lors d   
 u ...lidationError    
: :String) [], Rem    
oteException
    + FullyQualifiedEr 
   rorId : NativeComm  
  andError
 
Invalid `prisma.booking
.findFirst()` 
invocation in
D:\telechargement 
c\lbenna site web\prod\
backend\test-admin-book
ing.js:7:42

  4 async function 
main() {
  5     
console.log('--- TEST: 
Validation du parcours 
R├®servation (Admin) 
---');
  6 
ÔåÆ 7     const 
booking = await prisma.
booking.findFirst({
          where: {
            email: 
"final@local.com",
            ~~~~~
        ?   AND?: 
BookingWhereInput | 
BookingWhereInput[],
        ?   OR?: 
BookingWhereInput[],
        ?   NOT?: 
BookingWhereInput | 
BookingWhereInput[],
        ?   id?: 
StringFilter | String,
        ?   
serviceOfferId?: 
StringFilter | String,
        ?   userId?: 
StringNullableFilter | 
String | Null,
        ?   
bookingDate?: 
DateTimeFilter | 
DateTime,
        ?   
customerName?: 
StringFilter | String,
        ?   
customerEmail?: 
StringFilter | String,
        ?   
customerPhone?: 
StringFilter | String,
        ?   notes?: 
StringNullableFilter | 
String | Null,
        ?   status?: En
umBookingStatusFilter 
| BookingStatus,
        ?   
adminNotes?: 
StringNullableFilter | 
String | Null,
        ?   
paidAmount?: 
FloatNullableFilter | 
Float | Null,
        ?   
paymentMethod?: EnumPay
mentMethodFilter | 
PaymentMethod,
        ?   
transferToken?: 
StringNullableFilter | 
String | Null,
        ?   
createdAt?: 
DateTimeFilter | 
DateTime,
        ?   
updatedAt?: 
DateTimeFilter | 
DateTime,
        ?   
serviceOffer?: ServiceO
fferRelationFilter | 
ServiceOfferWhereInput,
        ?   user?: User
NullableRelationFilter 
| UserWhereInput | Null
          },
          orderBy: {
            createdAt: 
"desc"
          }
        })

Unknown argument 
`email`. Available 
options are marked 
with ?.
    at Cn 
(D:\telechargement 
c\lbenna site web\prod\
backend\node_modules\@p
risma\client\runtime\li
brary.js:116:5888)
    at 
_n.handleRequestError 
(D:\telechargement 
c\lbenna site web\prod\
backend\node_modules\@p
risma\client\runtime\li
brary.js:123:6510)
    at _n.handleAndLogR
equestError 
(D:\telechargement 
c\lbenna site web\prod\
backend\node_modules\@p
risma\client\runtime\li
brary.js:123:6188)
    at _n.request 
(D:\telechargement 
c\lbenna site web\prod\
backend\node_modules\@p
risma\client\runtime\li
brary.js:123:5896)
    at async l 
(D:\telechargement 
c\lbenna site web\prod\
backend\node_modules\@p
risma\client\runtime\li
brary.js:128:10871)
    at async main 
(D:\telechargement 
c\lbenna site web\prod\
backend\test-admin-book
ing.js:7:21) {
  clientVersion: 
'5.10.2'
}
